// Jest Snapshot v1, https://goo.gl/fbAQLP

exports[`Layout should render correctly 1`] = `
<div>
  <h2>
    Welcome to IMPLEMENATION cooleact components
  </h2>
</div>
`;
